// Jest Snapshot v1, https://goo.gl/fbAQLP

exports[`Header renders and matches snapshot 1`] = `
<div
  class="Polaris-TopBar"
>
  <button
    aria-label="Toggle menu"
    class="Polaris-TopBar__NavigationIcon"
    type="button"
  >
    <span
      class="Polaris-Icon"
    >
      <svg
        aria-hidden="true"
        class="Polaris-Icon__Svg"
        focusable="false"
        viewBox="0 0 20 20"
      >
        <path
          d="M19 11H1a1 1 0 0 1 0-2h18a1 1 0 1 1 0 2zm0-7H1a1 1 0 0 1 0-2h18a1 1 0 1 1 0 2zm0 14H1a1 1 0 0 1 0-2h18a1 1 0 0 1 0 2z"
        />
      </svg>
    </span>
  </button>
  <div
    class="Polaris-TopBar__Contents"
  >
    <div
      class="Polaris-TopBar__SearchField"
    >
      <div
        class="Polaris-TopBar-SearchField"
      >
        <span
          class="Polaris-VisuallyHidden"
        >
          <label
            for="PolarisSearchField1"
          >
            Search
          </label>
        </span>
        <input
          autocapitalize="off"
          autocomplete="off"
          autocorrect="off"
          class="Polaris-TopBar-SearchField__Input"
          id="PolarisSearchField1"
          placeholder="Search"
          type="search"
          value=""
        />
        <span
          class="Polaris-TopBar-SearchField__Icon"
        >
          <span
            class="Polaris-Icon"
          >
            <svg
              aria-hidden="true"
              class="Polaris-Icon__Svg"
              focusable="false"
              viewBox="0 0 20 20"
            >
              <path
                d="M8 12a4 4 0 1 1 0-8 4 4 0 0 1 0 8zm9.707 4.293l-4.82-4.82A5.968 5.968 0 0 0 14 8 6 6 0 0 0 2 8a6 6 0 0 0 6 6 5.968 5.968 0 0 0 3.473-1.113l4.82 4.82a.997.997 0 0 0 1.414 0 .999.999 0 0 0 0-1.414z"
              />
            </svg>
          </span>
        </span>
        <div
          class="Polaris-TopBar-SearchField__Backdrop Polaris-TopBar-SearchField__BackdropShowFocusBorder"
        />
      </div>
    </div>
    <div
      class="Polaris-TopBar__SecondaryMenu"
    >
      <div>
        <div
          class="Polaris-TopBar-Menu__ActivatorWrapper"
        >
          <button
            aria-controls="Polarispopover1"
            aria-expanded="false"
            aria-owns="Polarispopover1"
            class="Polaris-TopBar-Menu__Activator"
            tabindex="0"
            type="button"
          >
            <div
              style="display: flex; align-items: center;"
            >
              Nominees
              <span
                class="sc-gtssRu hdlOKH"
              >
                <div>
                  <div
                    class="sc-bdnylx czgcBA count"
                  >
                    0
                  </div>
                </div>
              </span>
            </div>
          </button>
        </div>
      </div>
    </div>
  </div>
</div>
`;
